---
source: src/tests.rs
expression: site_dir.ls_ascii(0).unwrap_or_default()
---
site:
  project1:
    favicon.ico
    pkg:
      project1.css
      project1.js
      project1.wasm
      snippets:
        leptos_reactive-81881a7e036355c6:
          inline0.js
  project2:
    favicon.ico
    pkg:
      project2.css
      project2.js
      project2.wasm
      snippets:
        leptos_reactive-81881a7e036355c6:
          inline0.js
